setkey y z  
setkey z y
setkey Y Z 
setkey Z Y
setkey equal parenright
setkey parenright parenleft
setkey parenleft asterisk
setkey doublequote at
setkey plus bracketright
setkey minus slash
setkey slash ampersand 
setkey ampersand percent
setkey percent caret
setkey underscore question
setkey question underscore
setkey semicolon less
setkey less numbersign 
setkey numbersign backslash
setkey colon greater
setkey greater bar
setkey asterisk braceright

# Password
password --md5 $1$VRZal0$vbmEPkkjO.5Q0CcqWp9gq0
#
# Boot automatically after 10 secs.
timeout 10
#
# By default, boot the first entry.
default 0
#
# Fallback to the second entry.
fallback 1
#
# Farbeinstellung
#color light-green/brown blink-red/blue
color light-blue/brown blink-red/cyan
splashimage=(hd0,1)/boot/grub/splashimages/debsplash.xpm.gz
#
title linux-splash-2.6.15.3-k7
root (hd0,1)
kernel (hd0,1)/boot/vmlinuz.splash-2.6.15.3-k7 root=/dev/hda2 ro ramdisk=64000 vga=791
initrd (hd0,1)/boot/initrd.img.splash-2.6.15.3-k7
savedefault
#
title linux-2.6.15.3-k7
root (hd0,1)
kernel (hd0,1)/boot/vmlinuz-2.6.15.3-k7 root=/dev/hda2 ro ramdisk=64000 video=radeon:1280x800-60
savedefault
#
title linux-2.6.15.3-k7 (recovery mode)
root (hd0,1)
kernel (hd0,1)/boot/vmlinuz-2.6.15.3-k7 root=/dev/hda2 ro single
savedefault
#
